// Jest Snapshot v1, https://goo.gl/fbAQLP

exports[`App tested with react-test-renderer App match snapshot ReactTestRenderer 1`] = `null`;
